# 实验一：路由器和交换机的基础操作

## 实验目标

+ 学会简单的交换机和路由器操作命令
+ 能识别并熟练切换Cisio设备三个主要模式
+ 掌握Cisio的IOS快捷键
+ 理解CLI中的错误提示消息
+ 学会查看设备配置和保存配置

## 实验步骤

实验设备：2960交换机或2811路由器

### 1.三种模式

Cisco设备CLI主要分为以下几种模式：用户模式、特权模式、全局配置模式。

+ 用户模式：以`“>”`来表示，`例如，Switch>`;
+ 特权模式：以`“#”`来表示，`例如，Switch#`;

+ 全局配置模式：以`“(config)#”`来表示，`例如，Switch(config)#`;

> 除此之外，还有接口模式和路由模式等子模式。

切换规则如下表所示

<center>模式之间的切换</center>
| 行为                                 | 命令               |
| ------------------------------------ | ------------------ |
| 用户模式-->特权模式                  | enable             |
| 特权模式-->全局配置模式              | configure terminal |
| 退回到前一个模式                     | exit               |
| 从任意模式（除用户模式）退到特权模式 | end                |

配置示例：

```bash
Router>				#当前在用户模式
Router>
Router>enable		#进入特权模式
Router#
Router#
Router#configure terminal		#进入全局配置模式
Enter configuration commands, one per line.  End with CNTL/Z.
Router(config)#
Router(config)#
Router(config)#exit		#退到特权模式
Router#
%SYS-5-CONFIG_I: Configured from console by console

Router#
Router#
Router#exit			#退到初始登录界面（用户模式）


Router con0 is now available



Press RETURN to get started.


Router>
Router>
Router>

# 只能从用户模式到特权模式到全局配置模式，没法越级切换

Router>
Router>
Router>configure terminal
                 ^
% Invalid input detected at '^' marker.
	
Router>
Router>

# 每次退出也都是退出一级

# 用户模式可以用上下键切换最近输入命令
# 用户模式进入特权模式可以用上下键切换最近命令
# 特权模式进入全局配置模式不能用上下键切换密码
# 从高等级到低等级不能用上下键切换最近命令
# 可以上下键切换命令的，也可以输入一半，剩下自动补全以该命令开头最近输入的命令
```

### 2.快捷操作

Ciscio设备CLI的快捷操作主要有三种：热键、命令简写、上下文相关帮助。

#### 2.1热键

<center>常用热键</center>
| 命令行编辑热键 | 说明                                                         |
| -------------- | ------------------------------------------------------------ |
| Tab            | 完成命令或关键字的剩余部分                                   |
| Backspace      | 删除光标左侧的一个字符                                       |
| Ctrl-Shift-6   | 允许用户终止Cisco IOS进程<br />`例 ping 或traceroute`<br />也可以全局配置模式下输入`no ip domain-lookup`防止DNS解析命令 |
| Ctrl-C         | 放弃当前命令并退出配置模式                                   |
| Ctrl-Z         | 退出配置模式并返回特权模式                                   |
| 上下键         | 切换当前用户最近输入的命令，<br >也可以输入一半然后上下键补全最近以该命令开头 |

#### 2.2命令简写

Cisco设备CLI支持命令简写功能，即可以用几个字符表示命令中的一个单词，不过要注意的是这几个字符必须能够唯一表示该单词，否则该命令无效并且会弹出错误提示消息。

如果出现''% Ambiguous command: "e""类似字样，则说明输入字符不足，该设备无法识别该命令。

配置示例：

```bash
Router>
Router>en		# 用en表示enable进入特权模式
Router#
Router#conft	# 错误，当作DNS或者主机但是找不到，会假死，用ctrl+c放弃当前命令并退出配置模式，或者Ctrl-Shift-6终止进程
Translating "conft"...domain server (255.255.255.255) % Name lookup aborted
Router#conf t	# 正确，用conf t表示configure terminal进入全局配置模式
Enter configuration commands, one per line.  End with CNTL/Z.
Router(config)#ex	#用ex表示exit退到前一个模式
Router#
%SYS-5-CONFIG_I: Configured from console by console

Router#ena	#正确，但是已经在特权模式
Router#exi	#正确，表示exit，只要是以该字母组合开头，且不会有其他命令以该字符组合开头，就行

Router con0 is now available

Press RETURN to get started.

Router>
Router>
Router>e	# 错误，e不能唯一表示exit，还有其他命令以e卡头命令
% Ambiguous command: "e"	#e不能唯一表示该命令，还有其他命令也是以e开头的
Router>
```



#### 2.3上下文相关帮助

Cisco设备上的Cisco IOS CLI提供两种上下文相关帮助：

+ 字词帮助：在输入的字符后面输入问号。问号前面不要加入空格。设备将显示输入的字符开头的命令列表。例如sh?命令可显示一个命令列表，该列表中的命令都是以字符序列"sh"开头。
+ 命令语法帮助：输入？命令可以获取完成命令所需的语法帮助。在命令名称之后，在关键字或参数未知输入问号。问号前要加空格。网络设备随后将显示一系列可用命令选项，`<cr>`代表回车。例如，输入show？可获取可供show命令使用选项列表。

### 3.错误提示消息分析

控制台错误消息分为三类：

+ 命令不明确；

+ 命令不完整；

+ 命令不正确。

| 错误消息                               | 含义                               | 帮助                                                         |
| -------------------------------------- | ---------------------------------- | ------------------------------------------------------------ |
| %Ambiguous command：“show con”         | 输入的字符不足，设备无法识别该命令 | 重新输入命令，接着输入？（不加空格）。显示所有可以与该命令一起输入的关键字 |
| %Incomplete command                    | 没有输入该命令所需的所有关键字或值 | 重新输入命令，然后输入？，前面加空格                         |
| %Invalid input detected  at ‘^’ marker | 命令输入不正确。‘^’标记出错的位置  | 输入？显示所有可用的命令或参数                               |

```bash
Switch>
Switch>
Switch>enable
Switch#c
% Ambiguous command: "c"
Switch#clock set
% Incomplete command.
Switch#clock set 19:50:00
% Incomplete command.
Switch#clock set 19:50:00 25 6
                             ^
% Invalid input detected at '^' marker.
	
Switch#
Switch#
```



### 4. 配置保存和查看

#### 4.1配置保存

+ 可以使用Cisco IOS “copy”命令复制配置文件。

+ Copy命令的语法要求第一个参数指明来源（从哪里复制配置），后面的参数指明目标（将配置复制到哪里）。

+ 在RAM中做出配置更改之后，必须保存到NVRAM中的启动配置文件，此时可使用copy running-config startup-config命令。

+ 同样，使用copy startup-config running-config 命令可以将NVRAM中的启动配置文件复制回RAM中。

```bash
Switch#
Switch#
Switch#copy running-config startup-config  #保存配置
Destination filename [startup-config]? 
Building configuration...
[OK]
Switch#copy startup-config running-config  #恢复配置
Destination filename [running-config]? 

947 bytes copied in 0.416 secs (2276 bytes/sec)
Switch#
%SYS-5-CONFIG_I: Configured from console by console

Switch#
Switch#
```





#### 4.2配置查看

Show命令就是查看命令，需要跟具体的参数结合使用。

| 命令                | 功能                    | 注意                                                         |
| ------------------- | ----------------------- | ------------------------------------------------------------ |
| show running-config | 显示RAM中的当前运行配置 |                                                              |
| show startup-config | 显示NVRAM中的已保存配置 | 查看保存配置前一定要先保存配置，否则会显示`startup-config is not present` |

```bash
Switch#
Switch#
Switch#show running-config 	#查看当前配置
Building configuration...

Current configuration : 947 bytes
!
version 12.1
no service timestamps log datetime msec
no service timestamps debug datetime msec
no service password-encryption
!
hostname Switch
!
!
!
interface FastEthernet0/1
!
interface FastEthernet0/2
!
interface FastEthernet0/3
!
interface FastEthernet0/4
!
interface FastEthernet0/5
!
interface FastEthernet0/6
!
interface FastEthernet0/7
!
interface FastEthernet0/8
!
interface FastEthernet0/9
!
interface FastEthernet0/10
!
interface FastEthernet0/11
!
interface FastEthernet0/12
!
interface FastEthernet0/13
!
interface FastEthernet0/14
!
interface FastEthernet0/15
!
interface FastEthernet0/16
!
interface FastEthernet0/17
!
interface FastEthernet0/18
!
interface FastEthernet0/19
!
interface FastEthernet0/20
!
interface FastEthernet0/21
!
interface FastEthernet0/22
!
interface FastEthernet0/23
!
interface FastEthernet0/24
!
interface Vlan1
 no ip address
 shutdown
!
!
line con 0
!
line vty 0 4
 login
line vty 5 15
 login
!
!
end


Switch#
Switch#
Switch#show startup-config	#查看保存配置
Using 947 bytes
!
version 12.1
no service timestamps log datetime msec
no service timestamps debug datetime msec
no service password-encryption
!
hostname Switch
!
!
!
interface FastEthernet0/1
!
interface FastEthernet0/2
!
interface FastEthernet0/3
!
interface FastEthernet0/4
!
interface FastEthernet0/5
!
interface FastEthernet0/6
!
interface FastEthernet0/7
!
interface FastEthernet0/8
!
interface FastEthernet0/9
!
interface FastEthernet0/10
!
interface FastEthernet0/11
!
interface FastEthernet0/12
!
interface FastEthernet0/13
!
interface FastEthernet0/14
!
interface FastEthernet0/15
!
interface FastEthernet0/16
!
interface FastEthernet0/17
!
interface FastEthernet0/18
!
interface FastEthernet0/19
!
interface FastEthernet0/20
!
interface FastEthernet0/21
!
interface FastEthernet0/22
!
interface FastEthernet0/23
!
interface FastEthernet0/24
!
interface Vlan1
 no ip address
 shutdown
!
!
line con 0
!
line vty 0 4
 login
line vty 5 15
 login
!
!
end


Switch#
Switch#
```

## 实验总结

+ 学会简单的交换机和路由器操作命令

+ 能识别并熟练切换Cisio设备三个主要模式

+ > 用户模式-->特权模式-->全局配置模式

+ 掌握Cisio的IOS快捷键

+ > Tab  完成命令或关键字的剩余部分  
  >
  > Backspace  删除光标左侧的一个字符 
  >
  >  Ctrl-Shift-6  允许用户终止Cisco IOS进程
  >
  > 上下键  切换当前用户最近输入的命令

+ 理解CLI中的错误提示消息

+ > %Ambiguous command：“show con”  输入的字符不足，设备无法识别该命令，  重新输入命令，接着输入？（不加空格）。显示所有可以与该命令一起输入的关键字 
  >
  >  %Incomplete command  没有输入该命令所需的所有关键字或值，  重新输入命令，然后输入？，前面加空格 
  >
  >  %Invalid input detected  at ‘^’ marker  命令输入不正确。‘^’标记出错的位置，  输入？显示所有可用的命令或参数

+ 学会查看设备配置和保存配置

+ > copy命令

#          实验二：设备登陆及安全操作  

## 实验目的  

+ 掌握SecureCRT软件登陆设备的操作

+ 掌握登陆设备的几种方式的配置。

+ 掌握基本设备安全配置和常用配置。

## 实验步骤

实验设备：2960交换机和2811路由器

设备登录方式：

| 登录方式  | 连接方式                      | 备注                                                         |
| --------- | ----------------------------- | ------------------------------------------------------------ |
| console   | pc和设备通过console线缆连接， | 网络工程师在施工现场                                         |
| Telnet    | 远程登录，                    | 进行管理网络设备与PC之间通过双绞线连接，也有可能设备和pc之间隔着ISP |
| SSH       | 远程登录，                    | 进行管理网络设备与PC之间通过双绞线连接，也有可能设备和pc之间隔着ISP |
| SecureCRT |                               | windows下登录到网络设备                                      |

> 双绞线：相同设备用交叉线，不同设备用直通线，pc和路由器之间用交叉线，不恰当地理解为路由器=pc+交换机，正常有交换机或者集线器采用直通线，其他都用交叉线。

![](https://img1.zlogs.net/19/20191209153442.png)



### 1.设备管理前的基础操作

#### 1.1路由器接口配置

给路由器接口配置为192.168.1.1/24

```bash
Router>
Router>enable
Router#configure terminal
Enter configuration commands, one per line.  End with CNTL/Z.
Router(config)#interface f0/0	#进入接口子模式
Router(config-if)#no shutdown	#开启接口，Cisco路由器默认关闭接口

Router(config-if)#
%LINK-5-CHANGED: Interface FastEthernet0/0, changed state to up

Router(config-if)#ip address 192.168.1.1 255.255.255.0	#配置ip地址
Router(config-if)#
Router(config-if)#
```

#### 1.2交换机的管理VLAN配置

给交换机配置一个ip地址192.168.1.1/24以便于pc能够登录到交换机

> 这个专门用于管理交换机的接口称之为管理VLAN，其实类似路由器的接口，只不过因为二层交换机的接口无法配置IP地址，所以用管理VLAN来代替。

```bash
Switch>
Switch>
Switch>enable
Switch#conf t
Enter configuration commands, one per line.  End with CNTL/Z.
Switch(config)#interface vlan 1	#进入管理vlan接口
Switch(config-if)#no shutdown	#开启接口

Switch(config-if)#
%LINK-5-CHANGED: Interface Vlan1, changed state to up

%LINEPROTO-5-UPDOWN: Line protocol on Interface Vlan1, changed state to up

Switch(config-if)#ip address 192.168.1.1 255.255.255.0	配置IP地址
Switch(config-if)#
Switch(config-if)#
```





#### 1.3no ip domain-lookup

这个是防止DNS解析

>  命令敲错时，会把错误命令当作域名查找，在网络里寻找DNS服务器，在寻找的过程中，因为过程非常慢，会出现假死现象，
>
> 若未配置，出现假死，也可以按ctrl+shift+6停止下来

```bash
Router>
Router>
Router>shflsh	#输入一个不存在命令，会被当作主机查找，出现假死，ctrl+shift+6可停止
Translating "shflsh"...domain server (255.255.255.255) % Name lookup aborted	#IOS不能识别，目前正在进行解析
Router>conf t	#需要先进入特权模式，才能进入全局配置模式
            ^
% Invalid input detected at '^' marker.
	
Router>enable
Router#conf t
Enter configuration commands, one per line.  End with CNTL/Z.
Router(config)#no ip domain-lookup	#关闭域名解析
Router(config)#
Router(config)#shflsh	#输入一个不存在命令
                ^
% Invalid input detected at '^' marker.
	
Router(config)#exit
Router#
%SYS-5-CONFIG_I: Configured from console by console

Router#shflsh
Translating "shflsh"	#输入一个不存在命令
% Unknown command or computer name, or unable to find computer address	#提示错误信息并重新回到当前模式

Router#
```



### 2.设备安全登录

设备安全登录有两种方式，一种是登录时的安全认证，另一种时CLI的安全认证，这其中又分为password和secret两种模式。

#### 2.1console方式安全登录

```bash
Switch>
Switch>
Switch>en
Switch#conf t	#进入全局配置模式
Enter configuration commands, one per line.  End with CNTL/Z.
Switch(config)#enable password cisco	#设置enable密码为cisco（CLI安全认证）
Switch(config)#line console 0	#进入console线缆模式
Switch(config-line)#password 123	#配置线缆登录密码为123
Switch(config-line)#login	#应用密码，即使密码生效
Switch(config-line)#exec-timeout 0 5	#设置登出超时时间为0分5秒，即5秒内不做任何操作将退出cli
Switch(config-line)#

Switch con0 is now available	#5秒后退出了

Press RETURN to get started.

User Access Verification	#回车

Password: 	#输入密码123

Switch>

Switch con0 is now available	#5秒后退出

Press RETURN to get started.

User Access Verification

Password: 	#输入密码123

Switch>en
Password: 	#输入密码123错误不是特权模式密码
Password: 	#输入密码cisco
Switch#
Switch#

Switch con0 is now available	#5秒后退出

Press RETURN to get started.

```



#### 2.2Telnet方式安全登录

```bash
Switch>en
Switch#conf t
Enter configuration commands, one per line.  End with CNTL/Z.
Switch(config)#enable secret Cisco	#以secret方式设置密码
Switch(config)#line vty 0 4	#进入VTY模式
Switch(config-line)#password ccna	#配置密码
Switch(config-line)#login	#使用线路下的密码进行登录验证
```



#### 2.3SSH方式安全登录

```bash
Router>
Router>
Router>en
Router#conf t
Enter configuration commands, one per line.  End with CNTL/Z.
Router(config)#enable secret CISCO	#以secret方式设置enable密码
Router(config)#hostname NET	#修改主机名为NET
NET(config)#ip domain-name cisco.com	#配置域名
NET(config)#username cisco password 123	#配置用户名密码，用于登录
NET(config)#crypto key generate rsa	#生成rsa密钥
The name for the keys will be: NET.cisco.com
Choose the size of the key modulus in the range of 360 to 2048 for your
  General Purpose Keys. Choosing a key modulus greater than 512 may take
  a few minutes.

How many bits in the modulus [512]: 1024	#设置rsa密钥为1024位
% Generating 1024 bit RSA keys, keys will be non-exportable...[OK]

NET(config)#line vty 0 4	#进入VTY模式
*3? 1 1:26:18.387:  %SSH-5-ENABLED: SSH 1.99 has been enabled 
NET(config-line)#transport input ssh	#将VTY下默认的Telnet模式更改为SSH
NET(config-line)#login local	#使用本地用户名和密码进行登录验证
NET(config-line)#
NET(config-line)#
```

## 实验总结

console  pc和设备通过console线缆连接，  网络工程师在施工现场 

 Telnet  远程登录，  进行管理网络设备与PC之间通过双绞线连接，也有可能设备和pc之间隔着ISP  

SSH  远程登录，  进行管理网络设备与PC之间通过双绞线连接，也有可能设备和pc之间隔着ISP



# 实验三：设备文件的备份和恢复  

## 实验目的

+ 掌握TFTP以及FTP的使用，X-Modem恢复系统。

+ 使用tftp备份/恢复startup-config，使用ftp备份/恢复IOS。





## 实验步骤

实验设备：Router1841以及Switch2950

### 1.实验预配

Router：

```bash

Router>
Router>int f0/0
           ^
% Invalid input detected at '^' marker.
	
Router>
Router>en
Router#conf t
Enter configuration commands, one per line.  End with CNTL/Z.
Router(config)#int f0/0
Router(config-if)#ip add 192.168.1.2 255.255.255.0
Router(config-if)#no shutdown

%LINK-5-CHANGED: Interface FastEthernet0/0, changed state to up

%LINEPROTO-5-UPDOWN: Line protocol on Interface FastEthernet0/0, changed state to up

Router(config-if)#copy running-config startup-config
                   ^
% Invalid input detected at '^' marker.
	
Router(config-if)#exit
Router(config)#exit
Router#
%SYS-5-CONFIG_I: Configured from console by console

Router#copy running-config startup-config
Destination filename [startup-config]? 
Building configuration...
[OK]
Router#
```

Switch：

```bash
Switch>en
Switch#conf t
Enter configuration commands, one per line.  End with CNTL/Z.
Switch(config)#int vlan 1
Switch(config-if)#ip add 192.168.1.2 255.255.255.0
Switch(config-if)#no shutdown

Switch(config-if)#exit
Switch(config)#copy running-config startup-config
                ^
% Invalid input detected at '^' marker.
	
Switch(config)#
Switch(config)#exit
Switch#
%SYS-5-CONFIG_I: Configured from console by console

Switch#copy running-config startup-config
Destination filename [startup-config]? 
Building configuration...
[OK]
Switch#
```

Server0 IP参数配置

![](https://img1.zlogs.net/19/20191209170938.png)



Server0 TFTP参数配置

![](https://img1.zlogs.net/19/20191209171050.png)

Server0 FTP参数配置

![](https://img1.zlogs.net/19/20191209171258.png)

### 2.通过tftp备份恢复

#### 2.1备份

路由器（交换机同理）使用tftp上传startup-config

```bash
Router>
Router>
Router>en
Router#copy startup-config tftp:	#输入结束回车
Address or name of remote host []? 192.168.1.1	#tftp的ip地址
Destination filename [Router-confg]? my-router-config	#保存名称，可直接回车，默认名称Router-config，Router是#前面的名称，后面config是配置的意思,最好自己指定，不然不好找

Writing startup-config....!!
[OK - 463 bytes]

463 bytes copied in 3.011 secs (0 bytes/sec)
Router#
Router#
```



#### 2.2恢复

路由器（交换机同理）使用tftp下载startup-config

```bash
Router#
Router#copy tftp: startup-config
Address or name of remote host []? 192.168.1.1	#tftp地址
Source filename []? my-router-config	#服务器上面备份的名称
Destination filename [startup-config]? 	#本地名称，直接回车即可，输入其他名称会提示非法参数

Accessing tftp://192.168.1.1/my-router-config...
Loading my-router-config from 192.168.1.1: !
[OK - 463 bytes]

463 bytes copied in 0.004 secs (115750 bytes/sec)
Router#
```



### 3.通过ftp备份恢复

#### 3.1备份

路由器（交换机同理）使用ftp上传ios

```bash
Router#
Router#
Router#dir flash	#查看IOS名称
Directory of flash:/

    3  -rw-    33591768          <no date>  c1841-advipservicesk9-mz.124-15.T1.bin	#记录此bin名称
    2  -rw-       28282          <no date>  sigdef-category.xml
    1  -rw-      227537          <no date>  sigdef-default.xml

64016384 bytes total (30168797 bytes free)
Router#
Router#ip ftp username cisco
          ^
% Invalid input detected at '^' marker.
	
Router#
Router#conf t
Enter configuration commands, one per line.  End with CNTL/Z.
Router(config)#ip ftp username cisco
Router(config)#ip ftp password cisco
Router(config)#copy flash: ftp
                 ^
% Invalid input detected at '^' marker.
	
Router(config)#exit
Router#
%SYS-5-CONFIG_I: Configured from console by console

Router#copy flash: ftp
Source filename []? c1841-advipservicesk9-mz.124-15.T1.bin	#源文件名称，上面的bin文件名称
Address or name of remote host []? 192.168.1.1	#ftp服务器地址
Destination filename [c1841-advipservicesk9-mz.124-15.T1.bin]? 	#目的地址，直接回车

Writing c1841-advipservicesk9-mz.124-15.T1.bin...
[OK - 33591768 bytes]

33591768 bytes copied in 193.747 secs (173000 bytes/sec)
Router#
```





#### 3.2恢复

路由器（交换机同理）使用ftp下载ios

```bash
Router#
Router#copy ftp: flash:
Address or name of remote host []? 192.168.1.1
Source filename []? c1841-advipservicesk9-mz.124-15.T1.bin
Destination filename [c1841-advipservicesk9-mz.124-15.T1.bin]? 
%Warning:There is a file already existing with this name
Do you want to over write? [confirm]
Erase flash: before copying? [confirm]
Erasing the flash filesystem will remove all files! Continue? [confirm]
Erasing device... eeeeeeeeeeeeeeeeeeeeeeeeeeeeeeeeeeeeeeeeeeeeeeeeeeeeeeeeeeeeeeeeeeeeeeeeeeeeeeeeeeeeeeeeeeeeeeeeeeeeeeeeeeeeeeeeeeeeeeeeeeeeeeeeeeeeeeeeeeeee ...erased 
Erase of flash: complete
Accessing ftp://192.168.1.1/c1841-advipservicesk9-mz.124-15.T1.bin...


```

## 实验总结

通过copy命令可实现配置的备份和恢复，备份时一定添加名称以方便管理。











































